Flow report for uart
Wed Nov 17 22:38:21 2021
Quartus II 64-Bit Version 13.0.1 Build 232 06/12/2013 Service Pack 1 SJ Web Edition


---------------------
; Table of Contents ;
---------------------
  1. Legal Notice
  2. Flow Summary
  3. Flow Settings
  4. Flow Non-Default Global Settings
  5. Flow Elapsed Time
  6. Flow OS Summary
  7. Flow Log
  8. Flow Messages
  9. Flow Suppressed Messages



----------------
; Legal Notice ;
----------------
Copyright (C) 1991-2013 Altera Corporation
Your use of Altera Corporation's design tools, logic functions 
and other software and tools, and its AMPP partner logic 
functions, and any output files from any of the foregoing 
(including device programming or simulation files), and any 
associated documentation or information are expressly subject 
to the terms and conditions of the Altera Program License 
Subscription Agreement, Altera MegaCore Function License 
Agreement, or other applicable license agreement, including, 
without limitation, that your use is for the sole purpose of 
programming logic devices manufactured by Altera and sold by 
Altera or its authorized distributors.  Please refer to the 
applicable agreement for further details.



+--------------------------------------------------------------------------------------+
; Flow Summary                                                                         ;
+------------------------------------+-------------------------------------------------+
; Flow Status                        ; Successful - Wed Nov 17 22:38:21 2021           ;
; Quartus II 64-Bit Version          ; 13.0.1 Build 232 06/12/2013 SP 1 SJ Web Edition ;
; Revision Name                      ; uart                                            ;
; Top-level Entity Name              ; uart                                            ;
; Family                             ; Cyclone II                                      ;
; Device                             ; EP2C35F672C6                                    ;
; Timing Models                      ; Final                                           ;
; Total logic elements               ; 1,379 / 33,216 ( 4 % )                          ;
;     Total combinational functions  ; 807 / 33,216 ( 2 % )                            ;
;     Dedicated logic registers      ; 1,192 / 33,216 ( 4 % )                          ;
; Total registers                    ; 1192                                            ;
; Total pins                         ; 5 / 475 ( 1 % )                                 ;
; Total virtual pins                 ; 0                                               ;
; Total memory bits                  ; 1,024 / 483,840 ( < 1 % )                       ;
; Embedded Multiplier 9-bit elements ; 2 / 70 ( 3 % )                                  ;
; Total PLLs                         ; 1 / 4 ( 25 % )                                  ;
+------------------------------------+-------------------------------------------------+


+-----------------------------------------+
; Flow Settings                           ;
+-------------------+---------------------+
; Option            ; Setting             ;
+-------------------+---------------------+
; Start date & time ; 11/17/2021 22:34:19 ;
; Main task         ; Compilation         ;
; Revision Name     ; uart                ;
+-------------------+---------------------+


+-----------------------------------------------------------------------------------------------------------------------------------+
; Flow Non-Default Global Settings                                                                                                  ;
+--------------------------------------------+---------------------------------------+---------------+-------------+----------------+
; Assignment Name                            ; Value                                 ; Default Value ; Entity Name ; Section Id     ;
+--------------------------------------------+---------------------------------------+---------------+-------------+----------------+
; ALM_REGISTER_PACKING_EFFORT                ; Low                                   ; Medium        ; --          ; --             ;
; AUTO_GLOBAL_CLOCK                          ; Off                                   ; On            ; --          ; --             ;
; AUTO_PACKED_REGISTERS_STRATIXII            ; Sparse Auto                           ; Auto          ; --          ; --             ;
; COMPILER_SIGNATURE_ID                      ; 273661956077652.163717585919028       ; --            ; --          ; --             ;
; CYCLONEII_OPTIMIZATION_TECHNIQUE           ; Speed                                 ; Balanced      ; --          ; --             ;
; ECO_OPTIMIZE_TIMING                        ; On                                    ; Off           ; --          ; --             ;
; EDA_OUTPUT_DATA_FORMAT                     ; Verilog Hdl                           ; --            ; --          ; eda_simulation ;
; EDA_SIMULATION_TOOL                        ; ModelSim (Verilog)                    ; <None>        ; --          ; --             ;
; EDA_TIME_SCALE                             ; 1 ps                                  ; --            ; --          ; eda_simulation ;
; FINAL_PLACEMENT_OPTIMIZATION               ; Always                                ; Automatically ; --          ; --             ;
; FITTER_AGGRESSIVE_ROUTABILITY_OPTIMIZATION ; Never                                 ; Automatically ; --          ; --             ;
; IP_TOOL_NAME                               ; ALTPLL                                ; --            ; --          ; --             ;
; IP_TOOL_VERSION                            ; 13.0                                  ; --            ; --          ; --             ;
; MAX_CORE_JUNCTION_TEMP                     ; 85                                    ; --            ; --          ; --             ;
; MIN_CORE_JUNCTION_TEMP                     ; 0                                     ; --            ; --          ; --             ;
; MISC_FILE                                  ; pll_bb.v                              ; --            ; --          ; --             ;
; MISC_FILE                                  ; pll.ppf                               ; --            ; --          ; --             ;
; PARTITION_COLOR                            ; 16764057                              ; --            ; --          ; Top            ;
; PARTITION_FITTER_PRESERVATION_LEVEL        ; PLACEMENT_AND_ROUTING                 ; --            ; --          ; Top            ;
; PARTITION_NETLIST_TYPE                     ; SOURCE                                ; --            ; --          ; Top            ;
; POWER_BOARD_THERMAL_MODEL                  ; None (CONSERVATIVE)                   ; --            ; --          ; --             ;
; POWER_PRESET_COOLING_SOLUTION              ; 23 MM HEAT SINK WITH 200 LFPM AIRFLOW ; --            ; --          ; --             ;
; PROJECT_OUTPUT_DIRECTORY                   ; output_files                          ; --            ; --          ; --             ;
+--------------------------------------------+---------------------------------------+---------------+-------------+----------------+


+-------------------------------------------------------------------------------------------------------------------------------+
; Flow Elapsed Time                                                                                                             ;
+---------------------------+--------------+-------------------------+---------------------+------------------------------------+
; Module Name               ; Elapsed Time ; Average Processors Used ; Peak Virtual Memory ; Total CPU Time (on all processors) ;
+---------------------------+--------------+-------------------------+---------------------+------------------------------------+
; Analysis & Synthesis      ; 00:00:59     ; 1.0                     ; 4644 MB             ; 00:00:59                           ;
; Fitter                    ; 00:01:04     ; 1.0                     ; 4919 MB             ; 00:01:04                           ;
; Assembler                 ; 00:00:55     ; 1.0                     ; 4603 MB             ; 00:00:55                           ;
; TimeQuest Timing Analyzer ; 00:00:55     ; 1.0                     ; 4588 MB             ; 00:00:56                           ;
; EDA Netlist Writer        ; 00:00:54     ; 1.0                     ; 4561 MB             ; 00:00:53                           ;
; Total                     ; 00:04:47     ; --                      ; --                  ; 00:04:47                           ;
+---------------------------+--------------+-------------------------+---------------------+------------------------------------+


+----------------------------------------------------------------------------------------+
; Flow OS Summary                                                                        ;
+---------------------------+------------------+-----------+------------+----------------+
; Module Name               ; Machine Hostname ; OS Name   ; OS Version ; Processor type ;
+---------------------------+------------------+-----------+------------+----------------+
; Analysis & Synthesis      ; DESKTOP-HIC20KS  ; Windows 7 ; 6.2        ; x86_64         ;
; Fitter                    ; DESKTOP-HIC20KS  ; Windows 7 ; 6.2        ; x86_64         ;
; Assembler                 ; DESKTOP-HIC20KS  ; Windows 7 ; 6.2        ; x86_64         ;
; TimeQuest Timing Analyzer ; DESKTOP-HIC20KS  ; Windows 7 ; 6.2        ; x86_64         ;
; EDA Netlist Writer        ; DESKTOP-HIC20KS  ; Windows 7 ; 6.2        ; x86_64         ;
+---------------------------+------------------+-----------+------------+----------------+


------------
; Flow Log ;
------------
quartus_map --read_settings_files=on --write_settings_files=off uart -c uart
quartus_fit --read_settings_files=off --write_settings_files=off uart -c uart
quartus_asm --read_settings_files=off --write_settings_files=off uart -c uart
quartus_sta uart -c uart
quartus_eda --read_settings_files=off --write_settings_files=off uart -c uart



